// Vitest Snapshot v1, https://vitest.dev/guide/snapshot.html

exports[`TransactionTracer ‚Äì integration (mainnet fork) > should throw invalid rpc provider error nesecary for trace request > traceRaw:summary 1`] = `
"UniversalRouter()::execute(commands: 0x0a00100604, inputs: [0x000000000000000000000000a0b86991c6218b36c1d19d4a2e9eb0ce3606eb48000000000000000000000000ffffffffffffffffffffffffffffffffffffffff0000000000000000000000000000000000000000000000000000000068d2ed4e000000000000000000000000000000000000000000000000000000000000000200000000000000000000000066a9893cc07d91d95644aedd05d03f95e1dba8af0000000000000000000000000000000000000000000000000000000068ab675600000000000000000000000000000000000000000000000000000000000000e00000000000000000000000000000000000000000000000000000000000000041c34d9b0f6434f4d6ef00b2b3159d2a1f5988a5537312d06e07c163024a74b330263dfa8956cd830eb6697c45085bcc383702b39fbf1a3ea69ddf8830a6470bcc1c00000000000000000000000000000000000000000000000000000000000000, 0x00000000000000000000000000000000000000000000000000000000000000020000000000000000000000000000000000000000000000000000000015af43ac000000000000000000000000000000000000000000000000000000000000000000000000000000000000000000000000000000000000000000000000000000a00000000000000000000000000000000000000000000000000000000000000001000000000000000000000000000000000000000000000000000000000000002ba0b86991c6218b36c1d19d4a2e9eb0ce3606eb48000064dac17f958d2ee523a2206206994597c13d831ec7000000000000000000000000000000000000000000, 0x0000000000000000000000000000000000000000000000000000000000000040000000000000000000000000000000000000000000000000000000000000008000000000000000000000000000000000000000000000000000000000000000030b070e00000000000000000000000000000000000000000000000000000000000000000000000000000000000000000000000000000000000000000000000003000000000000000000000000000000000000000000000000000000000000006000000000000000000000000000000000000000000000000000000000000000e000000000000000000000000000000000000000000000000000000000000003800000000000000000000000000000000000000000000000000000000000000060000000000000000000000000dac17f958d2ee523a2206206994597c13d831ec78000000000000000000000000000000000000000000000000000000000000000000000000000000000000000000000000000000000000000000000000000000000000000000000000000000000000000000000000000000000000000000002800000000000000000000000000000000000000000000000000000000000000020000000000000000000000000dac17f958d2ee523a2206206994597c13d831ec7000000000000000000000000000000000000000000000000000000000000008000000000000000000000000000000000000000000000000000000000000000000000000000000000000000000000000000000000000000000000000000000000000000000000000000000000000000000000000000000000000000000000000200000000000000000000000000000000000000000000000000000000000000400000000000000000000000000000000000000000000000000000000000000100000000000000000000000000000000000000000000000000000000000000000000000000000000000000000000000000000000000000000000000000000001f4000000000000000000000000000000000000000000000000000000000000000a000000000000000000000000000000000000000000000000000000000000000000000000000000000000000000000000000000000000000000000000000000a00000000000000000000000000000000000000000000000000000000000000000000000000000000000000000cccccccccc33d538dbc2ee4feab0a7a1ff4e8a94000000000000000000000000000000000000000000000000000000000000271100000000000000000000000000000000000000000000000000000000000000c8000000000000000000000000000000000000000000000000000000000000000000000000000000000000000000000000000000000000000000000000000000a000000000000000000000000000000000000000000000000000000000000000000000000000000000000000000000000000000000000000000000000000000060000000000000000000000000cccccccccc33d538dbc2ee4feab0a7a1ff4e8a9400000000000000000000000000000000000000000000000000000000000000020000000000000000000000000000000000000000000000000000000000000000, 0x000000000000000000000000cccccccccc33d538dbc2ee4feab0a7a1ff4e8a94000000000000000000000000000000fee13a103a10d593b9ae06b3e05f2e7e1c0000000000000000000000000000000000000000000000000000000000000019, 0x000000000000000000000000cccccccccc33d538dbc2ee4feab0a7a1ff4e8a94000000000000000000000000da8a8833e938192781ade161d4b46c4973a40402000000000000000000000000000000000000000000000031f25585d4ebc644aa], deadline: 1756063626)  [call] value=0 ETH(gas=0.04496404 used=0.000049471) Gwei ‚ùå
   ‚îî‚îÄ Permit2()::permit(owner: 0xda8A8833E938192781AdE161d4b46c4973A40402, permitSingle: { details: { token: 0xA0b86991c6218b36c1d19D4a2e9Eb0cE3606eB48, amount: 1461501637330902918203684832716283019655932542975, expiration: 1758653774, nonce: 2 }, spender: 0x66a9893cC07D91D95644AEDD05D03f95e1dBA8Af, sigDeadline: 1756063574 }, signature: 0xc34d9b0f6434f4d6ef00b2b3159d2a1f5988a5537312d06e07c163024a74b330263dfa8956cd830eb6697c45085bcc383702b39fbf1a3ea69ddf8830a6470bcc1c)  [call] value=0 ETH(gas=0.044256516 used=0.000007928) Gwei ‚ùå
      ‚îî‚îÄ 0x0000000000000000000000000000000000000001::ecrecover recover signer for hash: 0xa738514c236748f0a3f14c125cd859e0‚Ä¶, v: 28, r: 8833812288336084803896656917423426‚Ä¶, s: 1729739505635639503616999239372779‚Ä¶  [staticcall] value=0 ETH(gas=0.043562684 used=0.000003) Gwei
         [Return] signer: 0x000000000000000000000000da8a8833‚Ä¶
      [Revert] InvalidNonce()
   [Revert] ExecutionFailed(0, 0x756688fe)"
`;

exports[`TransactionTracer ‚Äì integration (mainnet fork) should throw invalid rpc provider error nesecary for trace request: traceRaw:summary 1`] = `
"[31m[1mUniversalRouter[2m()[22m[1m[22m[39m::[1m[31mexecute[39m[22m([2mcommands[22m: 0x0a00100604, [2minputs[22m: [0x000000000000000000000000a0b86991c6218b36c1d19d4a2e9eb0ce3606eb48000000000000000000000000ffffffffffffffffffffffffffffffffffffffff0000000000000000000000000000000000000000000000000000000068d2ed4e000000000000000000000000000000000000000000000000000000000000000200000000000000000000000066a9893cc07d91d95644aedd05d03f95e1dba8af0000000000000000000000000000000000000000000000000000000068ab675600000000000000000000000000000000000000000000000000000000000000e00000000000000000000000000000000000000000000000000000000000000041c34d9b0f6434f4d6ef00b2b3159d2a1f5988a5537312d06e07c163024a74b330263dfa8956cd830eb6697c45085bcc383702b39fbf1a3ea69ddf8830a6470bcc1c00000000000000000000000000000000000000000000000000000000000000, 0x00000000000000000000000000000000000000000000000000000000000000020000000000000000000000000000000000000000000000000000000015af43ac000000000000000000000000000000000000000000000000000000000000000000000000000000000000000000000000000000000000000000000000000000a00000000000000000000000000000000000000000000000000000000000000001000000000000000000000000000000000000000000000000000000000000002ba0b86991c6218b36c1d19d4a2e9eb0ce3606eb48000064dac17f958d2ee523a2206206994597c13d831ec7000000000000000000000000000000000000000000, 0x0000000000000000000000000000000000000000000000000000000000000040000000000000000000000000000000000000000000000000000000000000008000000000000000000000000000000000000000000000000000000000000000030b070e00000000000000000000000000000000000000000000000000000000000000000000000000000000000000000000000000000000000000000000000003000000000000000000000000000000000000000000000000000000000000006000000000000000000000000000000000000000000000000000000000000000e000000000000000000000000000000000000000000000000000000000000003800000000000000000000000000000000000000000000000000000000000000060000000000000000000000000dac17f958d2ee523a2206206994597c13d831ec78000000000000000000000000000000000000000000000000000000000000000000000000000000000000000000000000000000000000000000000000000000000000000000000000000000000000000000000000000000000000000000002800000000000000000000000000000000000000000000000000000000000000020000000000000000000000000dac17f958d2ee523a2206206994597c13d831ec7000000000000000000000000000000000000000000000000000000000000008000000000000000000000000000000000000000000000000000000000000000000000000000000000000000000000000000000000000000000000000000000000000000000000000000000000000000000000000000000000000000000000000200000000000000000000000000000000000000000000000000000000000000400000000000000000000000000000000000000000000000000000000000000100000000000000000000000000000000000000000000000000000000000000000000000000000000000000000000000000000000000000000000000000000001f4000000000000000000000000000000000000000000000000000000000000000a000000000000000000000000000000000000000000000000000000000000000000000000000000000000000000000000000000000000000000000000000000a00000000000000000000000000000000000000000000000000000000000000000000000000000000000000000cccccccccc33d538dbc2ee4feab0a7a1ff4e8a94000000000000000000000000000000000000000000000000000000000000271100000000000000000000000000000000000000000000000000000000000000c8000000000000000000000000000000000000000000000000000000000000000000000000000000000000000000000000000000000000000000000000000000a000000000000000000000000000000000000000000000000000000000000000000000000000000000000000000000000000000000000000000000000000000060000000000000000000000000cccccccccc33d538dbc2ee4feab0a7a1ff4e8a9400000000000000000000000000000000000000000000000000000000000000020000000000000000000000000000000000000000000000000000000000000000, 0x000000000000000000000000cccccccccc33d538dbc2ee4feab0a7a1ff4e8a94000000000000000000000000000000fee13a103a10d593b9ae06b3e05f2e7e1c0000000000000000000000000000000000000000000000000000000000000019, 0x000000000000000000000000cccccccccc33d538dbc2ee4feab0a7a1ff4e8a94000000000000000000000000da8a8833e938192781ade161d4b46c4973a40402000000000000000000000000000000000000000000000031f25585d4ebc644aa], [2mdeadline[22m: 1756063626)  [33m[call][39m [2m[2mvalue=[22m[2m0 ETH[22m[2m([2mgas=[22m[2m0.04496404 [2mused=[22m[2m0.000049471) Gwei[22m [31m‚ùå[39m
   ‚îî‚îÄ [31m[1mPermit2[2m()[22m[1m[22m[39m::[1m[31mpermit[39m[22m([2mowner[22m: 0xda8A8833E938192781AdE161d4b46c4973A40402, [2mpermitSingle[22m: { details: { token: 0xA0b86991c6218b36c1d19D4a2e9Eb0cE3606eB48, amount: 1461501637330902918203684832716283019655932542975, expiration: 1758653774, nonce: 2 }, spender: 0x66a9893cC07D91D95644AEDD05D03f95e1dBA8Af, sigDeadline: 1756063574 }, [2msignature[22m: 0xc34d9b0f6434f4d6ef00b2b3159d2a1f5988a5537312d06e07c163024a74b330263dfa8956cd830eb6697c45085bcc383702b39fbf1a3ea69ddf8830a6470bcc1c)  [33m[call][39m [2m[2mvalue=[22m[2m0 ETH[22m[2m([2mgas=[22m[2m0.044256516 [2mused=[22m[2m0.000007928) Gwei[22m [31m‚ùå[39m
      ‚îî‚îÄ [34m[1m0x0000000000000000000000000000000000000001[22m[39m::[1mecrecover[22m recover signer for hash: 0xa738514c236748f0a3f14c125cd859e0‚Ä¶, v: 28, r: 8833812288336084803896656917423426‚Ä¶, s: 1729739505635639503616999239372779‚Ä¶  [33m[staticcall][39m [2m[2mvalue=[22m[2m0 ETH[22m[2m([2mgas=[22m[2m0.043562684 [2mused=[22m[2m0.000003) Gwei[22m
         [32m[Return][39m signer: 0x000000000000000000000000da8a8833‚Ä¶
      [31m[Revert][39m [31mInvalidNonce()[39m
   [31m[Revert][39m [31mExecutionFailed(0, 0x756688fe)[39m"
`;
